
==============================================================================
BASE-MODEL AXES   dataset: framingham   stage: floor   2026-10-05 14:51
==============================================================================
Chance level of top-3 / top-5 Jaccard for 15 features: 0.129 / 0.214

--- Explainer noise floor: KernelSHAP re-run 5 times, nothing changed (100 patients) ---
item   top3  top3_lo  top3_hi  top3_corrected   top5  spearman  pct_top3_below_half
  lr 1.0000   1.0000    1.000          1.0000 1.0000    1.0000                  0.0
 xgb 0.9975   0.9925    1.000          0.9971 0.9975    0.9985                  0.0
 mlp 0.9962   0.9900    1.000          0.9957 0.9892    0.9961                  0.0
  rf 0.9850   0.9712    0.995          0.9828 0.9717    0.9924                  0.0
Native explainers (linear SHAP, TreeSHAP, IG, EG) are deterministic: floor = 1 by construction.

--- D-14 background sensitivity: native explainers, 5 fresh background draws per size ---
                    item  top3  top3_lo  top3_hi  top3_corrected  top5  spearman  pct_top3_below_half
 lr linear_shap, 50 rows 0.847    0.817    0.876           0.824 0.915     0.895                 0.00
   rf tree_shap, 50 rows 0.749    0.715    0.785           0.712 0.773     0.909                 0.05
  xgb tree_shap, 50 rows 0.907    0.885    0.928           0.893 0.885     0.927                 0.00
         mlp ig, 50 rows 0.851    0.824    0.878           0.829 0.872     0.893                 0.00
         mlp eg, 50 rows 0.881    0.852    0.907           0.863 0.893     0.901                 0.00
lr linear_shap, 100 rows 0.849    0.813    0.885           0.827 0.906     0.935                 0.00
  rf tree_shap, 100 rows 0.800    0.767    0.838           0.771 0.826     0.932                 0.03
 xgb tree_shap, 100 rows 0.931    0.908    0.952           0.921 0.898     0.960                 0.00
        mlp ig, 100 rows 0.861    0.827    0.894           0.840 0.887     0.942                 0.00
        mlp eg, 100 rows 0.885    0.851    0.918           0.868 0.899     0.929                 0.01
lr linear_shap, 200 rows 0.876    0.842    0.909           0.858 0.929     0.919                 0.00
 xgb tree_shap, 200 rows 0.947    0.925    0.966           0.939 0.905     0.956                 0.00
        mlp ig, 200 rows 0.891    0.859    0.922           0.875 0.918     0.949                 0.00
        mlp eg, 200 rows 0.899    0.863    0.931           0.884 0.915     0.924                 0.00
Each row: agreement between the explanation with the fixed 100-row background and
explanations with a different random background of the stated size.
