framingham boot_070 done in 45s  [81/110]  elapsed 0.8 min
framingham boot_071 done in 32s  [82/110]  elapsed 1.3 min
framingham boot_072 done in 31s  [83/110]  elapsed 1.8 min
framingham boot_073 done in 29s  [84/110]  elapsed 2.3 min
framingham boot_074 done in 28s  [85/110]  elapsed 2.8 min
framingham boot_075 done in 30s  [86/110]  elapsed 3.3 min
framingham boot_076 done in 31s  [87/110]  elapsed 3.8 min
framingham boot_077 done in 29s  [88/110]  elapsed 4.3 min
framingham boot_078 done in 30s  [89/110]  elapsed 4.8 min
framingham boot_079 done in 28s  [90/110]  elapsed 5.2 min
framingham boot_080 done in 28s  [91/110]  elapsed 5.7 min
framingham boot_081 done in 29s  [92/110]  elapsed 6.2 min
framingham boot_082 done in 30s  [93/110]  elapsed 6.7 min
framingham boot_083 done in 29s  [94/110]  elapsed 7.2 min
framingham boot_084 done in 30s  [95/110]  elapsed 7.7 min
framingham boot_085 done in 30s  [96/110]  elapsed 8.2 min
framingham boot_086 done in 29s  [97/110]  elapsed 8.6 min
framingham boot_087 done in 29s  [98/110]  elapsed 9.1 min
framingham boot_088 done in 30s  [99/110]  elapsed 9.6 min
framingham boot_089 done in 28s  [100/110]  elapsed 10.1 min
framingham boot_090 done in 30s  [101/110]  elapsed 10.6 min
framingham boot_091 done in 31s  [102/110]  elapsed 11.1 min
framingham boot_092 done in 30s  [103/110]  elapsed 11.6 min
framingham boot_093 done in 30s  [104/110]  elapsed 12.1 min
framingham boot_094 done in 31s  [105/110]  elapsed 12.6 min
framingham boot_095 done in 28s  [106/110]  elapsed 13.1 min
framingham boot_096 done in 29s  [107/110]  elapsed 13.6 min
framingham boot_097 done in 30s  [108/110]  elapsed 14.1 min
framingham boot_098 done in 30s  [109/110]  elapsed 14.6 min
framingham boot_099 done in 29s  [110/110]  elapsed 15.1 min
framingham variants complete

==============================================================================
BASE-MODEL AXES   dataset: framingham   stage: floor   2026-10-04 02:02
==============================================================================
Chance level of top-3 / top-5 Jaccard for 15 features: 0.129 / 0.214

--- Explainer noise floor: KernelSHAP re-run 5 times, nothing changed (100 patients) ---
item   top3  top3_lo  top3_hi  top3_corrected   top5  spearman  pct_top3_below_half
  lr 1.0000   1.0000   1.0000          1.0000 0.9992    0.9915                  0.0
 xgb 0.9975   0.9925   1.0000          0.9971 0.9975    0.9958                  0.0
 mlp 0.9950   0.9900   0.9988          0.9943 0.9900    0.9873                  0.0
  rf 0.9738   0.9562   0.9888          0.9699 0.9625    0.9839                  0.0
Native explainers (linear SHAP, TreeSHAP, IG, EG) are deterministic: floor = 1 by construction.

--- D-14 background sensitivity: native explainers, 5 fresh background draws per size ---
                    item  top3  top3_lo  top3_hi  top3_corrected  top5  spearman  pct_top3_below_half
 lr linear_shap, 50 rows 0.847    0.817    0.876           0.824 0.915     0.895                 0.00
   rf tree_shap, 50 rows 0.749    0.715    0.785           0.712 0.773     0.909                 0.05
  xgb tree_shap, 50 rows 0.907    0.885    0.928           0.893 0.885     0.927                 0.00
         mlp ig, 50 rows 0.851    0.824    0.878           0.829 0.872     0.893                 0.00
         mlp eg, 50 rows 0.881    0.852    0.907           0.863 0.893     0.901                 0.00
lr linear_shap, 100 rows 0.849    0.813    0.885           0.827 0.906     0.935                 0.00
  rf tree_shap, 100 rows 0.800    0.767    0.838           0.771 0.826     0.932                 0.03
 xgb tree_shap, 100 rows 0.931    0.908    0.952           0.921 0.898     0.960                 0.00
        mlp ig, 100 rows 0.861    0.827    0.894           0.840 0.887     0.942                 0.00
        mlp eg, 100 rows 0.885    0.851    0.918           0.868 0.899     0.929                 0.01
lr linear_shap, 200 rows 0.876    0.842    0.909           0.858 0.929     0.919                 0.00
 xgb tree_shap, 200 rows 0.934    0.912    0.954           0.924 0.890     0.954                 0.00
        mlp ig, 200 rows 0.891    0.859    0.922           0.875 0.918     0.949                 0.00
        mlp eg, 200 rows 0.899    0.863    0.931           0.884 0.915     0.924                 0.00
Each row: agreement between the explanation with the fixed 100-row background and
explanations with a different random background of the stated size.
=== brfss: tuning (5-fold CV log loss on base training set, n=202944) ===
  lr {'C': 0.001}  logloss 0.23863  (2s)
  lr {'C': 0.01}  logloss 0.23827  (2s)
  lr {'C': 0.1}  logloss 0.23826  (2s)
  lr {'C': 1}  logloss 0.23826  (2s)
  lr {'C': 10}  logloss 0.23826  (2s)
  lr {'C': 100}  logloss 0.23826  (2s)
  -> lr chosen {'C': 0.1}
  rf {'n_estimators': 300, 'min_samples_leaf': 50, 'max_depth': 6}  logloss 0.24584  (51s)
  rf {'n_estimators': 300, 'min_samples_leaf': 50, 'max_depth': 12}  logloss 0.23843  (67s)
  rf {'n_estimators': 300, 'min_samples_leaf': 100, 'max_depth': 6}  logloss 0.24589  (51s)
  rf {'n_estimators': 300, 'min_samples_leaf': 100, 'max_depth': 12}  logloss 0.23909  (66s)
  rf {'n_estimators': 300, 'min_samples_leaf': 200, 'max_depth': 6}  logloss 0.24605  (51s)
  rf {'n_estimators': 300, 'min_samples_leaf': 200, 'max_depth': 12}  logloss 0.24035  (64s)
  -> rf chosen {'n_estimators': 300, 'min_samples_leaf': 50, 'max_depth': 12}
  xgb {'n_estimators': 100, 'max_depth': 2, 'learning_rate': 0.05}  logloss 0.24056  (4s)
  xgb {'n_estimators': 300, 'max_depth': 2, 'learning_rate': 0.05}  logloss 0.23660  (6s)
  xgb {'n_estimators': 600, 'max_depth': 2, 'learning_rate': 0.05}  logloss 0.23630  (9s)
  xgb {'n_estimators': 100, 'max_depth': 3, 'learning_rate': 0.05}  logloss 0.23764  (3s)
  xgb {'n_estimators': 300, 'max_depth': 3, 'learning_rate': 0.05}  logloss 0.23589  (6s)
  xgb {'n_estimators': 600, 'max_depth': 3, 'learning_rate': 0.05}  logloss 0.23590  (10s)
  xgb {'n_estimators': 100, 'max_depth': 4, 'learning_rate': 0.05}  logloss 0.23658  (4s)
  xgb {'n_estimators': 300, 'max_depth': 4, 'learning_rate': 0.05}  logloss 0.23580  (7s)
  xgb {'n_estimators': 600, 'max_depth': 4, 'learning_rate': 0.05}  logloss 0.23622  (12s)
  -> xgb chosen {'n_estimators': 300, 'max_depth': 4, 'learning_rate': 0.05}
  -> mlp epochs 18 (early stopping, patience 10)

=== brfss: base models ===
model    auc  auc_lo  auc_hi  brier  cal_slope  cal_in_large  mean_pred  prevalence
   lr 0.8468  0.8414  0.8517 0.0708     0.9857        0.0049     0.0939      0.0942
   rf 0.8481  0.8427  0.8528 0.0705     1.1850        0.0047     0.0939      0.0942
  xgb 0.8511  0.8457  0.8557 0.0700     0.9933        0.0068     0.0937      0.0942
  mlp 0.8485  0.8432  0.8534 0.0705     1.1037       -0.0280     0.0962      0.0942

=== brfss: explainer exactness checks on the base models (max abs error) ===
  lr  linear_shap additivity      4.85e-07
  xgb tree_shap additivity (margin)4.05e-06
  rf  tree_shap additivity (prob)  1.39e-04
  mlp IG completeness              max 1.49e-03, relative to mean |f(x)-f(b)| 1.10e-03
  mlp EG completeness              max 5.32e-03, relative to mean |f(x)-E f(b)| 3.92e-03
brfss seed_00 done in 100s  [1/60]  elapsed 1.7 min
